<Cat xmlns:dts="http://www.dotserialize.com/Schema" xmlns:xsi="http://www.w3.org/2001/XMLSchema-instance" dts:type="Org.Edgerunner.DotSerialize.Tests.DataTypes.Cat, DotSerializeTests" dts:id="1" dts:src="true" ActsLikeACat="True">
  <Name>Puss</Name>
  <Breed>Saimese</Breed>
</Cat>