<Cat xmlns:dts="http://www.dotserialize.com/Schema" xmlns:xsi="http://www.w3.org/2001/XMLSchema-instance" dts:id="1" dts:src="true">
  <Name>Puss</Name>
  <BirthDate>2000-12-05T00:00:00.0000000</BirthDate>
  <Weight>2.26796</Weight>
  <Height>30.48</Height>
</Cat>