<Cat xmlns:dts="http://www.dotserialize.com/Schema" xmlns:xsi="http://www.w3.org/2001/XMLSchema-instance" dts:type="Org.Edgerunner.DotSerialize.Tests.DataTypes.Cat,  DotSerializeTests" dts:id="1" dts:src="true" ActsLikeACat="True">
  <Name>Puss</Name>
  <BirthDate>2000-12-05T00:00:00.0000000</BirthDate>
  <Breed>Saimese</Breed>
</Cat>