<Cat xmlns:dts="http://www.dotserialize.com/Schema" xmlns:xsi="http://www.w3.org/2001/XMLSchema-instance">
  <Name>Puss</Name>
  <BirthDate>12/05/2000 00:00:00</BirthDate>
  <Breed>Saimese</Breed>
  <_Owner xsi:nil="true" />
  <Selfish>True</Selfish>
  <Weight>2.26796</Weight>
  <Height>30.48</Height>
</Cat>